[[1;34mINFO[m] Scanning for projects...
[[1;34mINFO[m] 
[[1;34mINFO[m] [1m----------------------< [0;36mcom.dbwjd:remittance-api[0;1m >----------------------[m
[[1;34mINFO[m] [1mBuilding transfer 0.0.1-SNAPSHOT[m
[[1;34mINFO[m] [1m--------------------------------[ jar ]---------------------------------[m
[[1;34mINFO[m] 
[[1;34mINFO[m] [1m--- [0;32mmaven-clean-plugin:3.4.1:clean[m [1m(default-clean)[m @ [36mremittance-api[0;1m ---[m
[[1;34mINFO[m] Deleting /Users/kwon-yujung/Project/remittance-api/target
[[1;34mINFO[m] 
[[1;34mINFO[m] [1m--- [0;32mmaven-resources-plugin:3.3.1:resources[m [1m(default-resources)[m @ [36mremittance-api[0;1m ---[m
[[1;34mINFO[m] Copying 1 resource from src/main/resources to target/classes
[[1;34mINFO[m] Copying 0 resource from src/main/resources to target/classes
[[1;34mINFO[m] 
[[1;34mINFO[m] [1m--- [0;32mmaven-compiler-plugin:3.14.1:compile[m [1m(default-compile)[m @ [36mremittance-api[0;1m ---[m
[[1;34mINFO[m] Recompiling the module because of [1mchanged source code[m.
[[1;34mINFO[m] Compiling 19 source files with javac [debug parameters release 17] to target/classes
[[1;34mINFO[m] 
[[1;34mINFO[m] [1m--- [0;32mmaven-resources-plugin:3.3.1:testResources[m [1m(default-testResources)[m @ [36mremittance-api[0;1m ---[m
[[1;34mINFO[m] skip non existing resourceDirectory /Users/kwon-yujung/Project/remittance-api/src/test/resources
[[1;34mINFO[m] 
[[1;34mINFO[m] [1m--- [0;32mmaven-compiler-plugin:3.14.1:testCompile[m [1m(default-testCompile)[m @ [36mremittance-api[0;1m ---[m
[[1;34mINFO[m] Recompiling the module because of [1mchanged dependency[m.
[[1;34mINFO[m] Compiling 9 source files with javac [debug parameters release 17] to target/test-classes
[[1;34mINFO[m] /Users/kwon-yujung/Project/remittance-api/src/test/java/com/dbwjd/transfer/ApiExceptionHandlerTest.java: /Users/kwon-yujung/Project/remittance-api/src/test/java/com/dbwjd/transfer/ApiExceptionHandlerTest.java uses or overrides a deprecated API.
[[1;34mINFO[m] /Users/kwon-yujung/Project/remittance-api/src/test/java/com/dbwjd/transfer/ApiExceptionHandlerTest.java: Recompile with -Xlint:deprecation for details.
[[1;34mINFO[m] 
[[1;34mINFO[m] [1m--- [0;32mmaven-surefire-plugin:3.5.6:test[m [1m(default-test)[m @ [36mremittance-api[0;1m ---[m
[[1;34mINFO[m] Using auto detected provider org.apache.maven.surefire.junitplatform.JUnitPlatformProvider
[[1;34mINFO[m] 
[[1;34mINFO[m] -------------------------------------------------------
[[1;34mINFO[m]  T E S T S
[[1;34mINFO[m] -------------------------------------------------------
[[1;34mINFO[m] Running com.dbwjd.transfer.[1mSchemaConstraintTest[m
19:23:27.016 [main] INFO org.springframework.test.context.support.AnnotationConfigContextLoaderUtils -- Could not detect default configuration classes for test class [com.dbwjd.transfer.SchemaConstraintTest]: SchemaConstraintTest does not declare any static, non-private, non-final, nested classes annotated with @Configuration.
19:23:27.053 [main] INFO org.springframework.boot.test.context.SpringBootTestContextBootstrapper -- Found @SpringBootConfiguration com.dbwjd.transfer.TransferApplication for test class com.dbwjd.transfer.SchemaConstraintTest

  .   ____          _            __ _ _
 /\\ / ___'_ __ _ _(_)_ __  __ _ \ \ \ \
( ( )\___ | '_ | '_| | '_ \/ _` | \ \ \ \
 \\/  ___)| |_)| | | | | || (_| |  ) ) ) )
  '  |____| .__|_| |_|_| |_\__, | / / / /
 =========|_|==============|___/=/_/_/_/

 :: Spring Boot ::               (v3.5.16)

2026-10-09T19:23:27.169+09:00  INFO 67371 --- [           main] c.dbwjd.transfer.SchemaConstraintTest    : Starting SchemaConstraintTest using Java 17.0.11 with PID 67371 (started by kwon-yujung in /Users/kwon-yujung/Project/remittance-api)
2026-10-09T19:23:27.170+09:00  INFO 67371 --- [           main] c.dbwjd.transfer.SchemaConstraintTest    : No active profile set, falling back to 1 default profile: "default"
2026-10-09T19:23:27.340+09:00  INFO 67371 --- [           main] .s.d.r.c.RepositoryConfigurationDelegate : Bootstrapping Spring Data JPA repositories in DEFAULT mode.
2026-10-09T19:23:27.356+09:00  INFO 67371 --- [           main] .s.d.r.c.RepositoryConfigurationDelegate : Finished Spring Data repository scanning in 13 ms. Found 1 JPA repository interface.
2026-10-09T19:23:27.444+09:00  INFO 67371 --- [           main] com.zaxxer.hikari.HikariDataSource       : HikariPool-1 - Starting...
2026-10-09T19:23:27.498+09:00  INFO 67371 --- [           main] com.zaxxer.hikari.pool.HikariPool        : HikariPool-1 - Added connection conn0: url=jdbc:h2:mem:transfer user=SA
2026-10-09T19:23:27.498+09:00  INFO 67371 --- [           main] com.zaxxer.hikari.HikariDataSource       : HikariPool-1 - Start completed.
2026-10-09T19:23:27.533+09:00  INFO 67371 --- [           main] o.hibernate.jpa.internal.util.LogHelper  : HHH000204: Processing PersistenceUnitInfo [name: default]
2026-10-09T19:23:27.548+09:00  INFO 67371 --- [           main] org.hibernate.Version                    : HHH000412: Hibernate ORM core version 6.6.53.Final
2026-10-09T19:23:27.558+09:00  INFO 67371 --- [           main] o.h.c.internal.RegionFactoryInitiator    : HHH000026: Second-level cache disabled
2026-10-09T19:23:27.625+09:00  INFO 67371 --- [           main] o.s.o.j.p.SpringPersistenceUnitInfo      : No LoadTimeWeaver setup: ignoring JPA class transformer
2026-10-09T19:23:27.648+09:00  INFO 67371 --- [           main] org.hibernate.orm.connections.pooling    : HHH10001005: Database info:
	Database JDBC URL [Connecting through datasource 'HikariDataSource (HikariPool-1)']
	Database driver: undefined/unknown
	Database version: 2.3.232
	Autocommit mode: undefined/unknown
	Isolation level: undefined/unknown
	Minimum pool size: undefined/unknown
	Maximum pool size: undefined/unknown
2026-10-09T19:23:27.869+09:00  INFO 67371 --- [           main] o.h.e.t.j.p.i.JtaPlatformInitiator       : HHH000489: No JTA platform available (set 'hibernate.transaction.jta.platform' to enable JTA platform integration)
2026-10-09T19:23:27.869+09:00  INFO 67371 --- [           main] j.LocalContainerEntityManagerFactoryBean : Initialized JPA EntityManagerFactory for persistence unit 'default'
2026-10-09T19:23:27.980+09:00  INFO 67371 --- [           main] o.s.d.j.r.query.QueryEnhancerFactory     : Hibernate is in classpath; If applicable, HQL parser will be used.
2026-10-09T19:23:28.179+09:00  WARN 67371 --- [           main] JpaBaseConfiguration$JpaWebConfiguration : spring.jpa.open-in-view is enabled by default. Therefore, database queries may be performed during view rendering. Explicitly configure spring.jpa.open-in-view to disable this warning
2026-10-09T19:23:28.278+09:00  INFO 67371 --- [           main] c.dbwjd.transfer.SchemaConstraintTest    : Started SchemaConstraintTest in 1.188 seconds (process running for 1.48)
OpenJDK 64-Bit Server VM warning: Sharing is only supported for boot loader classes because bootstrap classpath has been appended
[[1;34mINFO[m] [1;32mTests run: [0;1;32m7[m, Failures: 0, Errors: 0, Skipped: 0, Time elapsed: 1.562 s -- in com.dbwjd.transfer.[1mSchemaConstraintTest[m
[[1;34mINFO[m] Running com.dbwjd.transfer.[1mTransferRequestValidatorTest[m
[[1;34mINFO[m] [1;32mTests run: [0;1;32m19[m, Failures: 0, Errors: 0, Skipped: 0, Time elapsed: 0.020 s -- in com.dbwjd.transfer.[1mTransferRequestValidatorTest[m
[[1;34mINFO[m] Running com.dbwjd.transfer.[1mTransferApplicationTests[m
2026-10-09T19:23:28.553+09:00  INFO 67371 --- [           main] t.c.s.AnnotationConfigContextLoaderUtils : Could not detect default configuration classes for test class [com.dbwjd.transfer.TransferApplicationTests]: TransferApplicationTests does not declare any static, non-private, non-final, nested classes annotated with @Configuration.
2026-10-09T19:23:28.554+09:00  INFO 67371 --- [           main] .b.t.c.SpringBootTestContextBootstrapper : Found @SpringBootConfiguration com.dbwjd.transfer.TransferApplication for test class com.dbwjd.transfer.TransferApplicationTests
[[1;34mINFO[m] [1;32mTests run: [0;1;32m2[m, Failures: 0, Errors: 0, Skipped: 0, Time elapsed: 0.038 s -- in com.dbwjd.transfer.[1mTransferApplicationTests[m
[[1;34mINFO[m] Running com.dbwjd.transfer.[1mTransferCancelTest[m
2026-10-09T19:23:28.592+09:00  INFO 67371 --- [           main] t.c.s.AnnotationConfigContextLoaderUtils : Could not detect default configuration classes for test class [com.dbwjd.transfer.TransferCancelTest]: TransferCancelTest does not declare any static, non-private, non-final, nested classes annotated with @Configuration.
2026-10-09T19:23:28.593+09:00  INFO 67371 --- [           main] .b.t.c.SpringBootTestContextBootstrapper : Found @SpringBootConfiguration com.dbwjd.transfer.TransferApplication for test class com.dbwjd.transfer.TransferCancelTest

  .   ____          _            __ _ _
 /\\ / ___'_ __ _ _(_)_ __  __ _ \ \ \ \
( ( )\___ | '_ | '_| | '_ \/ _` | \ \ \ \
 \\/  ___)| |_)| | | | | || (_| |  ) ) ) )
  '  |____| .__|_| |_|_| |_\__, | / / / /
 =========|_|==============|___/=/_/_/_/

 :: Spring Boot ::               (v3.5.16)

2026-10-09T19:23:28.603+09:00  INFO 67371 --- [           main] com.dbwjd.transfer.TransferCancelTest    : Starting TransferCancelTest using Java 17.0.11 with PID 67371 (started by kwon-yujung in /Users/kwon-yujung/Project/remittance-api)
2026-10-09T19:23:28.603+09:00  INFO 67371 --- [           main] com.dbwjd.transfer.TransferCancelTest    : No active profile set, falling back to 1 default profile: "default"
2026-10-09T19:23:28.638+09:00  INFO 67371 --- [           main] .s.d.r.c.RepositoryConfigurationDelegate : Bootstrapping Spring Data JPA repositories in DEFAULT mode.
2026-10-09T19:23:28.640+09:00  INFO 67371 --- [           main] .s.d.r.c.RepositoryConfigurationDelegate : Finished Spring Data repository scanning in 2 ms. Found 1 JPA repository interface.
2026-10-09T19:23:28.701+09:00  INFO 67371 --- [           main] o.s.b.w.embedded.tomcat.TomcatWebServer  : Tomcat initialized with port 0 (http)
2026-10-09T19:23:28.705+09:00  INFO 67371 --- [           main] o.apache.catalina.core.StandardService   : Starting service [Tomcat]
2026-10-09T19:23:28.705+09:00  INFO 67371 --- [           main] o.apache.catalina.core.StandardEngine    : Starting Servlet engine: [Apache Tomcat/10.1.55]
2026-10-09T19:23:28.720+09:00  INFO 67371 --- [           main] o.a.c.c.C.[Tomcat].[localhost].[/]       : Initializing Spring embedded WebApplicationContext
2026-10-09T19:23:28.720+09:00  INFO 67371 --- [           main] w.s.c.ServletWebServerApplicationContext : Root WebApplicationContext: initialization completed in 116 ms
2026-10-09T19:23:28.740+09:00  INFO 67371 --- [           main] com.zaxxer.hikari.HikariDataSource       : HikariPool-2 - Starting...
2026-10-09T19:23:28.741+09:00  INFO 67371 --- [           main] com.zaxxer.hikari.pool.HikariPool        : HikariPool-2 - Added connection conn10: url=jdbc:h2:mem:cancel user=SA
2026-10-09T19:23:28.741+09:00  INFO 67371 --- [           main] com.zaxxer.hikari.HikariDataSource       : HikariPool-2 - Start completed.
2026-10-09T19:23:28.747+09:00  INFO 67371 --- [           main] o.hibernate.jpa.internal.util.LogHelper  : HHH000204: Processing PersistenceUnitInfo [name: default]
2026-10-09T19:23:28.748+09:00  INFO 67371 --- [           main] o.h.c.internal.RegionFactoryInitiator    : HHH000026: Second-level cache disabled
2026-10-09T19:23:28.753+09:00  INFO 67371 --- [           main] o.s.o.j.p.SpringPersistenceUnitInfo      : No LoadTimeWeaver setup: ignoring JPA class transformer
2026-10-09T19:23:28.753+09:00  INFO 67371 --- [           main] org.hibernate.orm.connections.pooling    : HHH10001005: Database info:
	Database JDBC URL [Connecting through datasource 'HikariDataSource (HikariPool-2)']
	Database driver: undefined/unknown
	Database version: 2.3.232
	Autocommit mode: undefined/unknown
	Isolation level: undefined/unknown
	Minimum pool size: undefined/unknown
	Maximum pool size: undefined/unknown
2026-10-09T19:23:28.764+09:00  INFO 67371 --- [           main] o.h.e.t.j.p.i.JtaPlatformInitiator       : HHH000489: No JTA platform available (set 'hibernate.transaction.jta.platform' to enable JTA platform integration)
2026-10-09T19:23:28.764+09:00  INFO 67371 --- [           main] j.LocalContainerEntityManagerFactoryBean : Initialized JPA EntityManagerFactory for persistence unit 'default'
2026-10-09T19:23:28.779+09:00  WARN 67371 --- [           main] JpaBaseConfiguration$JpaWebConfiguration : spring.jpa.open-in-view is enabled by default. Therefore, database queries may be performed during view rendering. Explicitly configure spring.jpa.open-in-view to disable this warning
2026-10-09T19:23:28.864+09:00  INFO 67371 --- [           main] o.s.b.w.embedded.tomcat.TomcatWebServer  : Tomcat started on port 56353 (http) with context path '/'
2026-10-09T19:23:28.865+09:00  INFO 67371 --- [           main] com.dbwjd.transfer.TransferCancelTest    : Started TransferCancelTest in 0.271 seconds (process running for 2.067)
2026-10-09T19:23:28.903+09:00  INFO 67371 --- [o-auto-1-exec-1] o.a.c.c.C.[Tomcat].[localhost].[/]       : Initializing Spring DispatcherServlet 'dispatcherServlet'
2026-10-09T19:23:28.903+09:00  INFO 67371 --- [o-auto-1-exec-1] o.s.web.servlet.DispatcherServlet        : Initializing Servlet 'dispatcherServlet'
2026-10-09T19:23:28.904+09:00  INFO 67371 --- [o-auto-1-exec-1] o.s.web.servlet.DispatcherServlet        : Completed initialization in 1 ms
[[1;34mINFO[m] [1;32mTests run: [0;1;32m4[m, Failures: 0, Errors: 0, Skipped: 0, Time elapsed: 0.402 s -- in com.dbwjd.transfer.[1mTransferCancelTest[m
[[1;34mINFO[m] Running com.dbwjd.transfer.[1mTransferStatusTest[m
[[1;34mINFO[m] [1;32mTests run: [0;1;32m1[m, Failures: 0, Errors: 0, Skipped: 0, Time elapsed: 0.001 s -- in com.dbwjd.transfer.[1mTransferStatusTest[m
[[1;34mINFO[m] Running com.dbwjd.transfer.[1mTransferCalculatorTest[m
[[1;34mINFO[m] [1;32mTests run: [0;1;32m5[m, Failures: 0, Errors: 0, Skipped: 0, Time elapsed: 0.001 s -- in com.dbwjd.transfer.[1mTransferCalculatorTest[m
[[1;34mINFO[m] Running com.dbwjd.transfer.[1mApiExceptionHandlerTest[m
2026-10-09T19:23:28.999+09:00 ERROR 67371 --- [           main] com.dbwjd.transfer.ApiExceptionHandler   : unexpected error

java.lang.IllegalStateException: secret
	at com.dbwjd.transfer.ApiExceptionHandlerTest.mapsUnexpectedExceptionTo500WithoutDetails(ApiExceptionHandlerTest.java:60) ~[test-classes/:na]
	at java.base/jdk.internal.reflect.NativeMethodAccessorImpl.invoke0(Native Method) ~[na:na]
	at java.base/jdk.internal.reflect.NativeMethodAccessorImpl.invoke(NativeMethodAccessorImpl.java:77) ~[na:na]
	at java.base/jdk.internal.reflect.DelegatingMethodAccessorImpl.invoke(DelegatingMethodAccessorImpl.java:43) ~[na:na]
	at java.base/java.lang.reflect.Method.invoke(Method.java:568) ~[na:na]
	at org.junit.platform.commons.util.ReflectionUtils.invokeMethod(ReflectionUtils.java:775) ~[junit-platform-commons-1.12.2.jar:1.12.2]
	at org.junit.platform.commons.support.ReflectionSupport.invokeMethod(ReflectionSupport.java:479) ~[junit-platform-commons-1.12.2.jar:1.12.2]
	at org.junit.jupiter.engine.execution.MethodInvocation.proceed(MethodInvocation.java:60) ~[junit-jupiter-engine-5.12.2.jar:5.12.2]
	at org.junit.jupiter.engine.execution.InvocationInterceptorChain$ValidatingInvocation.proceed(InvocationInterceptorChain.java:131) ~[junit-jupiter-engine-5.12.2.jar:5.12.2]
	at org.junit.jupiter.engine.extension.TimeoutExtension.intercept(TimeoutExtension.java:161) ~[junit-jupiter-engine-5.12.2.jar:5.12.2]
	at org.junit.jupiter.engine.extension.TimeoutExtension.interceptTestableMethod(TimeoutExtension.java:152) ~[junit-jupiter-engine-5.12.2.jar:5.12.2]
	at org.junit.jupiter.engine.extension.TimeoutExtension.interceptTestMethod(TimeoutExtension.java:91) ~[junit-jupiter-engine-5.12.2.jar:5.12.2]
	at org.junit.jupiter.engine.execution.InterceptingExecutableInvoker$ReflectiveInterceptorCall.lambda$ofVoidMethod$0(InterceptingExecutableInvoker.java:112) ~[junit-jupiter-engine-5.12.2.jar:5.12.2]
	at org.junit.jupiter.engine.execution.InterceptingExecutableInvoker.lambda$invoke$0(InterceptingExecutableInvoker.java:94) ~[junit-jupiter-engine-5.12.2.jar:5.12.2]
	at org.junit.jupiter.engine.execution.InvocationInterceptorChain$InterceptedInvocation.proceed(InvocationInterceptorChain.java:106) ~[junit-jupiter-engine-5.12.2.jar:5.12.2]
	at org.junit.jupiter.engine.execution.InvocationInterceptorChain.proceed(InvocationInterceptorChain.java:64) ~[junit-jupiter-engine-5.12.2.jar:5.12.2]
	at org.junit.jupiter.engine.execution.InvocationInterceptorChain.chainAndInvoke(InvocationInterceptorChain.java:45) ~[junit-jupiter-engine-5.12.2.jar:5.12.2]
	at org.junit.jupiter.engine.execution.InvocationInterceptorChain.invoke(InvocationInterceptorChain.java:37) ~[junit-jupiter-engine-5.12.2.jar:5.12.2]
	at org.junit.jupiter.engine.execution.InterceptingExecutableInvoker.invoke(InterceptingExecutableInvoker.java:93) ~[junit-jupiter-engine-5.12.2.jar:5.12.2]
	at org.junit.jupiter.engine.execution.InterceptingExecutableInvoker.invoke(InterceptingExecutableInvoker.java:87) ~[junit-jupiter-engine-5.12.2.jar:5.12.2]
	at org.junit.jupiter.engine.descriptor.TestMethodTestDescriptor.lambda$invokeTestMethod$7(TestMethodTestDescriptor.java:216) ~[junit-jupiter-engine-5.12.2.jar:5.12.2]
	at org.junit.platform.engine.support.hierarchical.ThrowableCollector.execute(ThrowableCollector.java:73) ~[junit-platform-engine-1.12.2.jar:1.12.2]
	at org.junit.jupiter.engine.descriptor.TestMethodTestDescriptor.invokeTestMethod(TestMethodTestDescriptor.java:212) ~[junit-jupiter-engine-5.12.2.jar:5.12.2]
	at org.junit.jupiter.engine.descriptor.TestMethodTestDescriptor.execute(TestMethodTestDescriptor.java:137) ~[junit-jupiter-engine-5.12.2.jar:5.12.2]
	at org.junit.jupiter.engine.descriptor.TestMethodTestDescriptor.execute(TestMethodTestDescriptor.java:69) ~[junit-jupiter-engine-5.12.2.jar:5.12.2]
	at org.junit.platform.engine.support.hierarchical.NodeTestTask.lambda$executeRecursively$6(NodeTestTask.java:156) ~[junit-platform-engine-1.12.2.jar:1.12.2]
	at org.junit.platform.engine.support.hierarchical.ThrowableCollector.execute(ThrowableCollector.java:73) ~[junit-platform-engine-1.12.2.jar:1.12.2]
	at org.junit.platform.engine.support.hierarchical.NodeTestTask.lambda$executeRecursively$8(NodeTestTask.java:146) ~[junit-platform-engine-1.12.2.jar:1.12.2]
	at org.junit.platform.engine.support.hierarchical.Node.around(Node.java:137) ~[junit-platform-engine-1.12.2.jar:1.12.2]
	at org.junit.platform.engine.support.hierarchical.NodeTestTask.lambda$executeRecursively$9(NodeTestTask.java:144) ~[junit-platform-engine-1.12.2.jar:1.12.2]
	at org.junit.platform.engine.support.hierarchical.ThrowableCollector.execute(ThrowableCollector.java:73) ~[junit-platform-engine-1.12.2.jar:1.12.2]
	at org.junit.platform.engine.support.hierarchical.NodeTestTask.executeRecursively(NodeTestTask.java:143) ~[junit-platform-engine-1.12.2.jar:1.12.2]
	at org.junit.platform.engine.support.hierarchical.NodeTestTask.execute(NodeTestTask.java:100) ~[junit-platform-engine-1.12.2.jar:1.12.2]
	at java.base/java.util.ArrayList.forEach(ArrayList.java:1511) ~[na:na]
	at org.junit.platform.engine.support.hierarchical.SameThreadHierarchicalTestExecutorService.invokeAll(SameThreadHierarchicalTestExecutorService.java:41) ~[junit-platform-engine-1.12.2.jar:1.12.2]
	at org.junit.platform.engine.support.hierarchical.NodeTestTask.lambda$executeRecursively$6(NodeTestTask.java:160) ~[junit-platform-engine-1.12.2.jar:1.12.2]
	at org.junit.platform.engine.support.hierarchical.ThrowableCollector.execute(ThrowableCollector.java:73) ~[junit-platform-engine-1.12.2.jar:1.12.2]
	at org.junit.platform.engine.support.hierarchical.NodeTestTask.lambda$executeRecursively$8(NodeTestTask.java:146) ~[junit-platform-engine-1.12.2.jar:1.12.2]
	at org.junit.platform.engine.support.hierarchical.Node.around(Node.java:137) ~[junit-platform-engine-1.12.2.jar:1.12.2]
	at org.junit.platform.engine.support.hierarchical.NodeTestTask.lambda$executeRecursively$9(NodeTestTask.java:144) ~[junit-platform-engine-1.12.2.jar:1.12.2]
	at org.junit.platform.engine.support.hierarchical.ThrowableCollector.execute(ThrowableCollector.java:73) ~[junit-platform-engine-1.12.2.jar:1.12.2]
	at org.junit.platform.engine.support.hierarchical.NodeTestTask.executeRecursively(NodeTestTask.java:143) ~[junit-platform-engine-1.12.2.jar:1.12.2]
	at org.junit.platform.engine.support.hierarchical.NodeTestTask.execute(NodeTestTask.java:100) ~[junit-platform-engine-1.12.2.jar:1.12.2]
	at java.base/java.util.ArrayList.forEach(ArrayList.java:1511) ~[na:na]
	at org.junit.platform.engine.support.hierarchical.SameThreadHierarchicalTestExecutorService.invokeAll(SameThreadHierarchicalTestExecutorService.java:41) ~[junit-platform-engine-1.12.2.jar:1.12.2]
	at org.junit.platform.engine.support.hierarchical.NodeTestTask.lambda$executeRecursively$6(NodeTestTask.java:160) ~[junit-platform-engine-1.12.2.jar:1.12.2]
	at org.junit.platform.engine.support.hierarchical.ThrowableCollector.execute(ThrowableCollector.java:73) ~[junit-platform-engine-1.12.2.jar:1.12.2]
	at org.junit.platform.engine.support.hierarchical.NodeTestTask.lambda$executeRecursively$8(NodeTestTask.java:146) ~[junit-platform-engine-1.12.2.jar:1.12.2]
	at org.junit.platform.engine.support.hierarchical.Node.around(Node.java:137) ~[junit-platform-engine-1.12.2.jar:1.12.2]
	at org.junit.platform.engine.support.hierarchical.NodeTestTask.lambda$executeRecursively$9(NodeTestTask.java:144) ~[junit-platform-engine-1.12.2.jar:1.12.2]
	at org.junit.platform.engine.support.hierarchical.ThrowableCollector.execute(ThrowableCollector.java:73) ~[junit-platform-engine-1.12.2.jar:1.12.2]
	at org.junit.platform.engine.support.hierarchical.NodeTestTask.executeRecursively(NodeTestTask.java:143) ~[junit-platform-engine-1.12.2.jar:1.12.2]
	at org.junit.platform.engine.support.hierarchical.NodeTestTask.execute(NodeTestTask.java:100) ~[junit-platform-engine-1.12.2.jar:1.12.2]
	at org.junit.platform.engine.support.hierarchical.SameThreadHierarchicalTestExecutorService.submit(SameThreadHierarchicalTestExecutorService.java:35) ~[junit-platform-engine-1.12.2.jar:1.12.2]
	at org.junit.platform.engine.support.hierarchical.HierarchicalTestExecutor.execute(HierarchicalTestExecutor.java:57) ~[junit-platform-engine-1.12.2.jar:1.12.2]
	at org.junit.platform.engine.support.hierarchical.HierarchicalTestEngine.execute(HierarchicalTestEngine.java:54) ~[junit-platform-engine-1.12.2.jar:1.12.2]
	at org.junit.platform.launcher.core.EngineExecutionOrchestrator.execute(EngineExecutionOrchestrator.java:201) ~[junit-platform-launcher-1.12.2.jar:1.12.2]
	at org.junit.platform.launcher.core.EngineExecutionOrchestrator.execute(EngineExecutionOrchestrator.java:170) ~[junit-platform-launcher-1.12.2.jar:1.12.2]
	at org.junit.platform.launcher.core.EngineExecutionOrchestrator.execute(EngineExecutionOrchestrator.java:94) ~[junit-platform-launcher-1.12.2.jar:1.12.2]
	at org.junit.platform.launcher.core.EngineExecutionOrchestrator.lambda$execute$0(EngineExecutionOrchestrator.java:59) ~[junit-platform-launcher-1.12.2.jar:1.12.2]
	at org.junit.platform.launcher.core.EngineExecutionOrchestrator.withInterceptedStreams(EngineExecutionOrchestrator.java:142) ~[junit-platform-launcher-1.12.2.jar:1.12.2]
	at org.junit.platform.launcher.core.EngineExecutionOrchestrator.execute(EngineExecutionOrchestrator.java:58) ~[junit-platform-launcher-1.12.2.jar:1.12.2]
	at org.junit.platform.launcher.core.DefaultLauncher.execute(DefaultLauncher.java:103) ~[junit-platform-launcher-1.12.2.jar:1.12.2]
	at org.junit.platform.launcher.core.DefaultLauncher.execute(DefaultLauncher.java:85) ~[junit-platform-launcher-1.12.2.jar:1.12.2]
	at org.junit.platform.launcher.core.DelegatingLauncher.execute(DelegatingLauncher.java:47) ~[junit-platform-launcher-1.12.2.jar:1.12.2]
	at org.junit.platform.launcher.core.InterceptingLauncher.lambda$execute$1(InterceptingLauncher.java:39) ~[junit-platform-launcher-1.12.2.jar:1.12.2]
	at org.junit.platform.launcher.core.ClasspathAlignmentCheckingLauncherInterceptor.intercept(ClasspathAlignmentCheckingLauncherInterceptor.java:25) ~[junit-platform-launcher-1.12.2.jar:1.12.2]
	at org.junit.platform.launcher.core.InterceptingLauncher.execute(InterceptingLauncher.java:38) ~[junit-platform-launcher-1.12.2.jar:1.12.2]
	at org.junit.platform.launcher.core.DelegatingLauncher.execute(DelegatingLauncher.java:47) ~[junit-platform-launcher-1.12.2.jar:1.12.2]
	at org.apache.maven.surefire.junitplatform.LauncherAdapter.executeWithoutCancellationToken(LauncherAdapter.java:60) ~[surefire-junit-platform-3.5.6.jar:3.5.6]
	at org.apache.maven.surefire.junitplatform.LauncherAdapter.execute(LauncherAdapter.java:52) ~[surefire-junit-platform-3.5.6.jar:3.5.6]
	at org.apache.maven.surefire.junitplatform.JUnitPlatformProvider.execute(JUnitPlatformProvider.java:203) ~[surefire-junit-platform-3.5.6.jar:3.5.6]
	at org.apache.maven.surefire.junitplatform.JUnitPlatformProvider.invokeAllTests(JUnitPlatformProvider.java:168) ~[surefire-junit-platform-3.5.6.jar:3.5.6]
	at org.apache.maven.surefire.junitplatform.JUnitPlatformProvider.invoke(JUnitPlatformProvider.java:136) ~[surefire-junit-platform-3.5.6.jar:3.5.6]
	at org.apache.maven.surefire.booter.ForkedBooter.runSuitesInProcess(ForkedBooter.java:385) ~[surefire-booter-3.5.6.jar:3.5.6]
	at org.apache.maven.surefire.booter.ForkedBooter.execute(ForkedBooter.java:162) ~[surefire-booter-3.5.6.jar:3.5.6]
	at org.apache.maven.surefire.booter.ForkedBooter.run(ForkedBooter.java:507) ~[surefire-booter-3.5.6.jar:3.5.6]
	at org.apache.maven.surefire.booter.ForkedBooter.main(ForkedBooter.java:495) ~[surefire-booter-3.5.6.jar:3.5.6]

[[1;34mINFO[m] [1;32mTests run: [0;1;32m6[m, Failures: 0, Errors: 0, Skipped: 0, Time elapsed: 0.008 s -- in com.dbwjd.transfer.[1mApiExceptionHandlerTest[m
[[1;34mINFO[m] Running com.dbwjd.transfer.[1mCreateTransferRequestTest[m
[[1;34mINFO[m] [1;32mTests run: [0;1;32m3[m, Failures: 0, Errors: 0, Skipped: 0, Time elapsed: 0.002 s -- in com.dbwjd.transfer.[1mCreateTransferRequestTest[m
[[1;34mINFO[m] Running com.dbwjd.transfer.[1mTransferIdempotencyTest[m
2026-10-09T19:23:29.008+09:00  INFO 67371 --- [           main] t.c.s.AnnotationConfigContextLoaderUtils : Could not detect default configuration classes for test class [com.dbwjd.transfer.TransferIdempotencyTest]: TransferIdempotencyTest does not declare any static, non-private, non-final, nested classes annotated with @Configuration.
2026-10-09T19:23:29.008+09:00  INFO 67371 --- [           main] .b.t.c.SpringBootTestContextBootstrapper : Found @SpringBootConfiguration com.dbwjd.transfer.TransferApplication for test class com.dbwjd.transfer.TransferIdempotencyTest

  .   ____          _            __ _ _
 /\\ / ___'_ __ _ _(_)_ __  __ _ \ \ \ \
( ( )\___ | '_ | '_| | '_ \/ _` | \ \ \ \
 \\/  ___)| |_)| | | | | || (_| |  ) ) ) )
  '  |____| .__|_| |_|_| |_\__, | / / / /
 =========|_|==============|___/=/_/_/_/

 :: Spring Boot ::               (v3.5.16)

2026-10-09T19:23:29.015+09:00  INFO 67371 --- [           main] c.d.transfer.TransferIdempotencyTest     : Starting TransferIdempotencyTest using Java 17.0.11 with PID 67371 (started by kwon-yujung in /Users/kwon-yujung/Project/remittance-api)
2026-10-09T19:23:29.015+09:00  INFO 67371 --- [           main] c.d.transfer.TransferIdempotencyTest     : No active profile set, falling back to 1 default profile: "default"
2026-10-09T19:23:29.051+09:00  INFO 67371 --- [           main] .s.d.r.c.RepositoryConfigurationDelegate : Bootstrapping Spring Data JPA repositories in DEFAULT mode.
2026-10-09T19:23:29.054+09:00  INFO 67371 --- [           main] .s.d.r.c.RepositoryConfigurationDelegate : Finished Spring Data repository scanning in 2 ms. Found 1 JPA repository interface.
2026-10-09T19:23:29.069+09:00  INFO 67371 --- [           main] o.s.b.w.embedded.tomcat.TomcatWebServer  : Tomcat initialized with port 0 (http)
2026-10-09T19:23:29.070+09:00  INFO 67371 --- [           main] o.apache.catalina.core.StandardService   : Starting service [Tomcat]
2026-10-09T19:23:29.070+09:00  INFO 67371 --- [           main] o.apache.catalina.core.StandardEngine    : Starting Servlet engine: [Apache Tomcat/10.1.55]
2026-10-09T19:23:29.074+09:00  INFO 67371 --- [           main] o.a.c.c.C.[Tomcat-1].[localhost].[/]     : Initializing Spring embedded WebApplicationContext
2026-10-09T19:23:29.074+09:00  INFO 67371 --- [           main] w.s.c.ServletWebServerApplicationContext : Root WebApplicationContext: initialization completed in 58 ms
2026-10-09T19:23:29.079+09:00  INFO 67371 --- [           main] com.zaxxer.hikari.HikariDataSource       : HikariPool-3 - Starting...
2026-10-09T19:23:29.080+09:00  INFO 67371 --- [           main] com.zaxxer.hikari.pool.HikariPool        : HikariPool-3 - Added connection conn18: url=jdbc:h2:mem:idempotency user=SA
2026-10-09T19:23:29.080+09:00  INFO 67371 --- [           main] com.zaxxer.hikari.HikariDataSource       : HikariPool-3 - Start completed.
2026-10-09T19:23:29.085+09:00  INFO 67371 --- [           main] o.hibernate.jpa.internal.util.LogHelper  : HHH000204: Processing PersistenceUnitInfo [name: default]
2026-10-09T19:23:29.085+09:00  INFO 67371 --- [           main] o.h.c.internal.RegionFactoryInitiator    : HHH000026: Second-level cache disabled
2026-10-09T19:23:29.087+09:00  INFO 67371 --- [           main] o.s.o.j.p.SpringPersistenceUnitInfo      : No LoadTimeWeaver setup: ignoring JPA class transformer
2026-10-09T19:23:29.087+09:00  INFO 67371 --- [           main] org.hibernate.orm.connections.pooling    : HHH10001005: Database info:
	Database JDBC URL [Connecting through datasource 'HikariDataSource (HikariPool-3)']
	Database driver: undefined/unknown
	Database version: 2.3.232
	Autocommit mode: undefined/unknown
	Isolation level: undefined/unknown
	Minimum pool size: undefined/unknown
	Maximum pool size: undefined/unknown
2026-10-09T19:23:29.097+09:00  INFO 67371 --- [           main] o.h.e.t.j.p.i.JtaPlatformInitiator       : HHH000489: No JTA platform available (set 'hibernate.transaction.jta.platform' to enable JTA platform integration)
2026-10-09T19:23:29.097+09:00  INFO 67371 --- [           main] j.LocalContainerEntityManagerFactoryBean : Initialized JPA EntityManagerFactory for persistence unit 'default'
2026-10-09T19:23:29.107+09:00  WARN 67371 --- [           main] JpaBaseConfiguration$JpaWebConfiguration : spring.jpa.open-in-view is enabled by default. Therefore, database queries may be performed during view rendering. Explicitly configure spring.jpa.open-in-view to disable this warning
2026-10-09T19:23:29.125+09:00  INFO 67371 --- [           main] o.s.b.w.embedded.tomcat.TomcatWebServer  : Tomcat started on port 56359 (http) with context path '/'
2026-10-09T19:23:29.126+09:00  INFO 67371 --- [           main] c.d.transfer.TransferIdempotencyTest     : Started TransferIdempotencyTest in 0.117 seconds (process running for 2.328)
2026-10-09T19:23:29.129+09:00  INFO 67371 --- [o-auto-2-exec-1] o.a.c.c.C.[Tomcat-1].[localhost].[/]     : Initializing Spring DispatcherServlet 'dispatcherServlet'
2026-10-09T19:23:29.129+09:00  INFO 67371 --- [o-auto-2-exec-1] o.s.web.servlet.DispatcherServlet        : Initializing Servlet 'dispatcherServlet'
2026-10-09T19:23:29.129+09:00  INFO 67371 --- [o-auto-2-exec-1] o.s.web.servlet.DispatcherServlet        : Completed initialization in 0 ms
2026-10-09T19:23:29.140+09:00  WARN 67371 --- [o-auto-2-exec-3] o.h.engine.jdbc.spi.SqlExceptionHelper   : SQL Error: 23505, SQLState: 23505
2026-10-09T19:23:29.140+09:00 ERROR 67371 --- [o-auto-2-exec-3] o.h.engine.jdbc.spi.SqlExceptionHelper   : Unique index or primary key violation: "PUBLIC.UK_TRANSFERS_CUSTOMER_IDEMPOTENCY_INDEX_E ON PUBLIC.TRANSFERS(CUSTOMER_ID NULLS FIRST, IDEMPOTENCY_KEY NULLS FIRST) VALUES ( /* key:1 */ 'C001', '8df634b9-64d9-4238-b8ba-539d11043112')"; SQL statement:
insert into transfers (created_at,customer_id,fee,idempotency_key,receive_amount,receive_currency,recipient_name,request_hash,send_amount,send_currency,status,total_debit,updated_at,transfer_id) values (?,?,?,?,?,?,?,?,?,?,?,?,?,?) [23505-232]
2026-10-09T19:23:29.157+09:00  WARN 67371 --- [o-auto-2-exec-9] o.h.engine.jdbc.spi.SqlExceptionHelper   : SQL Error: 23505, SQLState: 23505
2026-10-09T19:23:29.158+09:00 ERROR 67371 --- [o-auto-2-exec-9] o.h.engine.jdbc.spi.SqlExceptionHelper   : Unique index or primary key violation: "PUBLIC.UK_TRANSFERS_CUSTOMER_IDEMPOTENCY_INDEX_E ON PUBLIC.TRANSFERS(CUSTOMER_ID NULLS FIRST, IDEMPOTENCY_KEY NULLS FIRST) VALUES ( /* key:3 */ 'C001', 'dd26cda5-db76-4f22-ad8b-60ee92b00391')"; SQL statement:
insert into transfers (created_at,customer_id,fee,idempotency_key,receive_amount,receive_currency,recipient_name,request_hash,send_amount,send_currency,status,total_debit,updated_at,transfer_id) values (?,?,?,?,?,?,?,?,?,?,?,?,?,?) [23505-232]
2026-10-09T19:23:29.159+09:00  WARN 67371 --- [-auto-2-exec-10] o.h.engine.jdbc.spi.SqlExceptionHelper   : SQL Error: 23505, SQLState: 23505
2026-10-09T19:23:29.159+09:00 ERROR 67371 --- [-auto-2-exec-10] o.h.engine.jdbc.spi.SqlExceptionHelper   : Unique index or primary key violation: "PUBLIC.UK_TRANSFERS_CUSTOMER_IDEMPOTENCY_INDEX_E ON PUBLIC.TRANSFERS(CUSTOMER_ID NULLS FIRST, IDEMPOTENCY_KEY NULLS FIRST) VALUES ( /* key:3 */ 'C001', 'dd26cda5-db76-4f22-ad8b-60ee92b00391')"; SQL statement:
insert into transfers (created_at,customer_id,fee,idempotency_key,receive_amount,receive_currency,recipient_name,request_hash,send_amount,send_currency,status,total_debit,updated_at,transfer_id) values (?,?,?,?,?,?,?,?,?,?,?,?,?,?) [23505-232]
2026-10-09T19:23:29.160+09:00  WARN 67371 --- [o-auto-2-exec-6] o.h.engine.jdbc.spi.SqlExceptionHelper   : SQL Error: 23505, SQLState: 23505
2026-10-09T19:23:29.160+09:00 ERROR 67371 --- [o-auto-2-exec-6] o.h.engine.jdbc.spi.SqlExceptionHelper   : Unique index or primary key violation: "PUBLIC.UK_TRANSFERS_CUSTOMER_IDEMPOTENCY_INDEX_E ON PUBLIC.TRANSFERS(CUSTOMER_ID NULLS FIRST, IDEMPOTENCY_KEY NULLS FIRST) VALUES ( /* key:3 */ 'C001', 'dd26cda5-db76-4f22-ad8b-60ee92b00391')"; SQL statement:
insert into transfers (created_at,customer_id,fee,idempotency_key,receive_amount,receive_currency,recipient_name,request_hash,send_amount,send_currency,status,total_debit,updated_at,transfer_id) values (?,?,?,?,?,?,?,?,?,?,?,?,?,?) [23505-232]
2026-10-09T19:23:29.160+09:00  WARN 67371 --- [o-auto-2-exec-8] o.h.engine.jdbc.spi.SqlExceptionHelper   : SQL Error: 23505, SQLState: 23505
2026-10-09T19:23:29.160+09:00 ERROR 67371 --- [o-auto-2-exec-8] o.h.engine.jdbc.spi.SqlExceptionHelper   : Unique index or primary key violation: "PUBLIC.UK_TRANSFERS_CUSTOMER_IDEMPOTENCY_INDEX_E ON PUBLIC.TRANSFERS(CUSTOMER_ID NULLS FIRST, IDEMPOTENCY_KEY NULLS FIRST) VALUES ( /* key:3 */ 'C001', 'dd26cda5-db76-4f22-ad8b-60ee92b00391')"; SQL statement:
insert into transfers (created_at,customer_id,fee,idempotency_key,receive_amount,receive_currency,recipient_name,request_hash,send_amount,send_currency,status,total_debit,updated_at,transfer_id) values (?,?,?,?,?,?,?,?,?,?,?,?,?,?) [23505-232]
2026-10-09T19:23:29.162+09:00  WARN 67371 --- [o-auto-2-exec-7] o.h.engine.jdbc.spi.SqlExceptionHelper   : SQL Error: 23505, SQLState: 23505
2026-10-09T19:23:29.162+09:00 ERROR 67371 --- [o-auto-2-exec-7] o.h.engine.jdbc.spi.SqlExceptionHelper   : Unique index or primary key violation: "PUBLIC.UK_TRANSFERS_CUSTOMER_IDEMPOTENCY_INDEX_E ON PUBLIC.TRANSFERS(CUSTOMER_ID NULLS FIRST, IDEMPOTENCY_KEY NULLS FIRST) VALUES ( /* key:3 */ 'C001', 'dd26cda5-db76-4f22-ad8b-60ee92b00391')"; SQL statement:
insert into transfers (created_at,customer_id,fee,idempotency_key,receive_amount,receive_currency,recipient_name,request_hash,send_amount,send_currency,status,total_debit,updated_at,transfer_id) values (?,?,?,?,?,?,?,?,?,?,?,?,?,?) [23505-232]
2026-10-09T19:23:29.162+09:00  WARN 67371 --- [o-auto-2-exec-5] o.h.engine.jdbc.spi.SqlExceptionHelper   : SQL Error: 23505, SQLState: 23505
2026-10-09T19:23:29.162+09:00 ERROR 67371 --- [o-auto-2-exec-5] o.h.engine.jdbc.spi.SqlExceptionHelper   : Unique index or primary key violation: "PUBLIC.UK_TRANSFERS_CUSTOMER_IDEMPOTENCY_INDEX_E ON PUBLIC.TRANSFERS(CUSTOMER_ID NULLS FIRST, IDEMPOTENCY_KEY NULLS FIRST) VALUES ( /* key:3 */ 'C001', 'dd26cda5-db76-4f22-ad8b-60ee92b00391')"; SQL statement:
insert into transfers (created_at,customer_id,fee,idempotency_key,receive_amount,receive_currency,recipient_name,request_hash,send_amount,send_currency,status,total_debit,updated_at,transfer_id) values (?,?,?,?,?,?,?,?,?,?,?,?,?,?) [23505-232]
2026-10-09T19:23:29.164+09:00  WARN 67371 --- [o-auto-2-exec-1] o.h.engine.jdbc.spi.SqlExceptionHelper   : SQL Error: 23505, SQLState: 23505
2026-10-09T19:23:29.165+09:00 ERROR 67371 --- [o-auto-2-exec-1] o.h.engine.jdbc.spi.SqlExceptionHelper   : Unique index or primary key violation: "PUBLIC.UK_TRANSFERS_CUSTOMER_IDEMPOTENCY_INDEX_E ON PUBLIC.TRANSFERS(CUSTOMER_ID NULLS FIRST, IDEMPOTENCY_KEY NULLS FIRST) VALUES ( /* key:3 */ 'C001', 'dd26cda5-db76-4f22-ad8b-60ee92b00391')"; SQL statement:
insert into transfers (created_at,customer_id,fee,idempotency_key,receive_amount,receive_currency,recipient_name,request_hash,send_amount,send_currency,status,total_debit,updated_at,transfer_id) values (?,?,?,?,?,?,?,?,?,?,?,?,?,?) [23505-232]
2026-10-09T19:23:29.165+09:00  WARN 67371 --- [o-auto-2-exec-2] o.h.engine.jdbc.spi.SqlExceptionHelper   : SQL Error: 23505, SQLState: 23505
2026-10-09T19:23:29.165+09:00 ERROR 67371 --- [o-auto-2-exec-2] o.h.engine.jdbc.spi.SqlExceptionHelper   : Unique index or primary key violation: "PUBLIC.UK_TRANSFERS_CUSTOMER_IDEMPOTENCY_INDEX_E ON PUBLIC.TRANSFERS(CUSTOMER_ID NULLS FIRST, IDEMPOTENCY_KEY NULLS FIRST) VALUES ( /* key:3 */ 'C001', 'dd26cda5-db76-4f22-ad8b-60ee92b00391')"; SQL statement:
insert into transfers (created_at,customer_id,fee,idempotency_key,receive_amount,receive_currency,recipient_name,request_hash,send_amount,send_currency,status,total_debit,updated_at,transfer_id) values (?,?,?,?,?,?,?,?,?,?,?,?,?,?) [23505-232]
2026-10-09T19:23:29.167+09:00  WARN 67371 --- [o-auto-2-exec-3] o.h.engine.jdbc.spi.SqlExceptionHelper   : SQL Error: 23505, SQLState: 23505
2026-10-09T19:23:29.167+09:00 ERROR 67371 --- [o-auto-2-exec-3] o.h.engine.jdbc.spi.SqlExceptionHelper   : Unique index or primary key violation: "PUBLIC.UK_TRANSFERS_CUSTOMER_IDEMPOTENCY_INDEX_E ON PUBLIC.TRANSFERS(CUSTOMER_ID NULLS FIRST, IDEMPOTENCY_KEY NULLS FIRST) VALUES ( /* key:3 */ 'C001', 'dd26cda5-db76-4f22-ad8b-60ee92b00391')"; SQL statement:
insert into transfers (created_at,customer_id,fee,idempotency_key,receive_amount,receive_currency,recipient_name,request_hash,send_amount,send_currency,status,total_debit,updated_at,transfer_id) values (?,?,?,?,?,?,?,?,?,?,?,?,?,?) [23505-232]
2026-10-09T19:23:29.175+09:00  WARN 67371 --- [o-auto-2-exec-9] o.h.engine.jdbc.spi.SqlExceptionHelper   : SQL Error: 23505, SQLState: 23505
2026-10-09T19:23:29.175+09:00 ERROR 67371 --- [o-auto-2-exec-9] o.h.engine.jdbc.spi.SqlExceptionHelper   : Unique index or primary key violation: "PUBLIC.UK_TRANSFERS_CUSTOMER_IDEMPOTENCY_INDEX_E ON PUBLIC.TRANSFERS(CUSTOMER_ID NULLS FIRST, IDEMPOTENCY_KEY NULLS FIRST) VALUES ( /* key:14 */ 'C001', 'be39e3ab-1c28-437e-bc51-7866659c20ab')"; SQL statement:
insert into transfers (created_at,customer_id,fee,idempotency_key,receive_amount,receive_currency,recipient_name,request_hash,send_amount,send_currency,status,total_debit,updated_at,transfer_id) values (?,?,?,?,?,?,?,?,?,?,?,?,?,?) [23505-232]
[[1;34mINFO[m] [1;32mTests run: [0;1;32m4[m, Failures: 0, Errors: 0, Skipped: 0, Time elapsed: 0.170 s -- in com.dbwjd.transfer.[1mTransferIdempotencyTest[m
[[1;34mINFO[m] 
[[1;34mINFO[m] Results:
[[1;34mINFO[m] 
[[1;34mINFO[m] [1;32mTests run: 51, Failures: 0, Errors: 0, Skipped: 0[m
[[1;34mINFO[m] 
[[1;34mINFO[m] [1m------------------------------------------------------------------------[m
[[1;34mINFO[m] [1;32mBUILD SUCCESS[m
[[1;34mINFO[m] [1m------------------------------------------------------------------------[m
[[1;34mINFO[m] Total time:  3.833 s
[[1;34mINFO[m] Finished at: 2026-10-09T19:23:29+09:00
[[1;34mINFO[m] [1m------------------------------------------------------------------------[m
